// Jest Snapshot v1, https://goo.gl/fbAQLP

exports[`UserSearch matches a snapshot 1`] = `
<Fragment>
  <input
    onChange={[Function]}
    type="username"
    value="Cody"
  />
</Fragment>
`;
