// Jest Snapshot v1, https://goo.gl/fbAQLP

exports[`App component renders App 1`] = `
<UserDisplay
  followerCount={20}
  followingCount={30}
  profileLink="this is a link"
  profilePic="this is a pic"
  repoLink="this is also a link"
  username="Cody"
/>
`;
